
> aquarun@0.0.0 dev
> node server.js

◇ injected env (6) from .env.local // tip: ◈ encrypted .env [www.dotenvx.com]
Server running at http://localhost:5173
[2m16:03:09[22m [36m[1m[vite][22m[39m [90m[2m(client)[22m[39m [32mhmr update [39m[2m/src/style.css[22m
[2m16:03:32[22m [36m[1m[vite][22m[39m [90m[2m(client)[22m[39m [32mhmr update [39m[2m/src/views/ActivitiesView.vue, /src/style.css[22m
[2m16:03:38[22m [36m[1m[vite][22m[39m [90m[2m(client)[22m[39m [32mhmr update [39m[2m/src/views/ActivitiesView.vue, /src/style.css[22m
[2m16:03:44[22m [36m[1m[vite][22m[39m [90m[2m(client)[22m[39m [32mhmr update [39m[2m/src/views/CoachView.vue, /src/style.css[22m
[2m16:03:50[22m [36m[1m[vite][22m[39m [90m[2m(client)[22m[39m [32mhmr update [39m[2m/src/views/CoachView.vue, /src/style.css[22m
[2m16:03:54[22m [36m[1m[vite][22m[39m [90m[2m(client)[22m[39m [32mhmr update [39m[2m/src/views/DashboardView.vue, /src/style.css[22m
[2m16:04:03[22m [36m[1m[vite][22m[39m [90m[2m(client)[22m[39m [32mhmr update [39m[2m/src/views/DashboardView.vue, /src/style.css[22m
[2m16:04:09[22m [36m[1m[vite][22m[39m [90m[2m(client)[22m[39m [32mhmr update [39m[2m/src/views/WorkoutsView.vue, /src/style.css[22m
[2m16:04:15[22m [36m[1m[vite][22m[39m [90m[2m(client)[22m[39m [32mhmr update [39m[2m/src/views/WorkoutsView.vue, /src/style.css[22m
[2m16:04:21[22m [36m[1m[vite][22m[39m [90m[2m(client)[22m[39m [32mhmr update [39m[2m/src/style.css[22m
[2m16:04:26[22m [36m[1m[vite][22m[39m [90m[2m(client)[22m[39m [32mhmr update [39m[2m/src/style.css[22m
[2m16:04:34[22m [36m[1m[vite][22m[39m [90m[2m(client)[22m[39m [32mhmr update [39m[2m/src/style.css[22m
[2m16:04:42[22m [36m[1m[vite][22m[39m [90m[2m(client)[22m[39m [32mhmr update [39m[2m/src/style.css[22m
[2m16:04:49[22m [36m[1m[vite][22m[39m [90m[2m(client)[22m[39m [32mhmr update [39m[2m/src/components/layout/AppSidebar.vue, /src/style.css[22m
[2m16:04:53[22m [36m[1m[vite][22m[39m [90m[2m(client)[22m[39m [32mhmr update [39m[2m/src/components/layout/AppHeader.vue, /src/style.css[22m
[2m16:07:38[22m [36m[1m[vite][22m[39m [90m[2m(client)[22m[39m [32mhmr update [39m[2m/src/components/layout/AppSidebar.vue, /src/style.css[22m
[2m16:07:39[22m [36m[1m[vite][22m[39m [90m[2m(client)[22m[39m [32mdependency optimized: [33mfeather-icons[32m[39m
[2m16:07:39[22m [36m[1m[vite][22m[39m [90m[2m(client)[22m[39m [32moptimized dependencies changed. reloading[39m
[2m16:08:04[22m [36m[1m[vite][22m[39m [90m[2m(client)[22m[39m [32mhmr update [39m[2m/src/components/layout/AppHeader.vue, /src/style.css[22m
[2m16:08:31[22m [36m[1m[vite][22m[39m [90m[2m(client)[22m[39m [32mhmr update [39m[2m/src/views/DashboardView.vue, /src/style.css[22m
[2m16:08:52[22m [36m[1m[vite][22m[39m [90m[2m(client)[22m[39m [32mhmr update [39m[2m/src/views/ActivitiesView.vue, /src/style.css[22m
[2m16:09:14[22m [36m[1m[vite][22m[39m [90m[2m(client)[22m[39m [32mhmr update [39m[2m/src/views/CoachView.vue, /src/style.css[22m
[2m16:09:44[22m [36m[1m[vite][22m[39m [90m[2m(client)[22m[39m [32mhmr update [39m[2m/src/views/WorkoutsView.vue, /src/style.css[22m
[2m16:10:05[22m [36m[1m[vite][22m[39m [90m[2m(client)[22m[39m [32mhmr update [39m[2m/src/style.css[22m
[2m16:10:22[22m [36m[1m[vite][22m[39m [90m[2m(client)[22m[39m [32mhmr update [39m[2m/src/style.css[22m
[2m16:10:36[22m [36m[1m[vite][22m[39m [90m[2m(client)[22m[39m [32mhmr update [39m[2m/src/style.css[22m
[2m16:11:29[22m [36m[1m[vite][22m[39m [90m[2m(client)[22m[39m [32mhmr update [39m[2m/src/App.vue, /src/style.css[22m
[2m16:11:29[22m [33m[1m[vite][22m[39m [33m[2m(client)[22m[39m [2m[console.warn] [22m[Vue warn]: Failed to resolve component: Icon
If this is a native custom element, make sure to exclude it from component resolution via compilerOptions.isCustomElement. 
  at <App>
[2m16:11:38[22m [36m[1m[vite][22m[39m [90m[2m(client)[22m[39m [32mhmr update [39m[2m/src/App.vue, /src/style.css[22m
[2m16:12:58[22m [36m[1m[vite][22m[39m [90m[2m(client)[22m[39m [32mhmr update [39m[2m/src/views/LoginView.vue, /src/style.css[22m
[2m16:13:16[22m [36m[1m[vite][22m[39m [90m[2m(client)[22m[39m [32mhmr update [39m[2m/src/style.css[22m
[2m16:15:11[22m [36m[1m[vite][22m[39m [90m[2m(client)[22m[39m [32mhmr update [39m[2m/src/style.css[22m
[2m16:16:49[22m [36m[1m[vite][22m[39m [90m[2m(client)[22m[39m [32mhmr update [39m[2m/src/style.css[22m
[2m16:17:08[22m [36m[1m[vite][22m[39m [90m[2m(client)[22m[39m [32mhmr update [39m[2m/src/components/layout/AppSidebar.vue, /src/style.css[22m
[2m16:17:19[22m [36m[1m[vite][22m[39m [90m[2m(client)[22m[39m [32mhmr update [39m[2m/src/components/layout/AppHeader.vue, /src/style.css[22m
[2m16:17:43[22m [36m[1m[vite][22m[39m [90m[2m(client)[22m[39m [32mhmr update [39m[2m/src/views/DashboardView.vue, /src/style.css[22m
[2m16:18:05[22m [36m[1m[vite][22m[39m [90m[2m(client)[22m[39m [32mhmr update [39m[2m/src/views/ActivitiesView.vue, /src/style.css[22m
[2m16:18:28[22m [36m[1m[vite][22m[39m [90m[2m(client)[22m[39m [32mhmr update [39m[2m/src/views/CoachView.vue, /src/style.css[22m
[2m16:19:04[22m [36m[1m[vite][22m[39m [90m[2m(client)[22m[39m [32mhmr update [39m[2m/src/views/WorkoutsView.vue, /src/style.css[22m
[2m16:19:20[22m [36m[1m[vite][22m[39m [90m[2m(client)[22m[39m [32mhmr update [39m[2m/src/views/LoginView.vue, /src/style.css[22m
[2m16:19:34[22m [36m[1m[vite][22m[39m [90m[2m(client)[22m[39m [32mhmr update [39m[2m/src/style.css[22m
[2m16:19:42[22m [36m[1m[vite][22m[39m [90m[2m(client)[22m[39m [32mhmr update [39m[2m/src/App.vue, /src/style.css[22m
[2m16:22:03[22m [36m[1m[vite][22m[39m [90m[2m(client)[22m[39m [32mhmr update [39m[2m/src/components/Icon.vue, /src/style.css[22m
[2m16:22:16[22m [36m[1m[vite][22m[39m [90m[2m(client)[22m[39m [32mhmr update [39m[2m/src/components/layout/AppSidebar.vue, /src/style.css[22m
[2m16:22:27[22m [36m[1m[vite][22m[39m [90m[2m(client)[22m[39m [32mhmr update [39m[2m/src/components/layout/AppHeader.vue, /src/style.css[22m
[2m16:22:50[22m [36m[1m[vite][22m[39m [90m[2m(client)[22m[39m [32mhmr update [39m[2m/src/views/DashboardView.vue, /src/style.css[22m
[2m16:23:12[22m [36m[1m[vite][22m[39m [90m[2m(client)[22m[39m [32mhmr update [39m[2m/src/views/ActivitiesView.vue, /src/style.css[22m
[2m16:23:34[22m [36m[1m[vite][22m[39m [90m[2m(client)[22m[39m [32mhmr update [39m[2m/src/views/CoachView.vue, /src/style.css[22m
[2m16:24:00[22m [36m[1m[vite][22m[39m [90m[2m(client)[22m[39m [32mhmr update [39m[2m/src/views/WorkoutsView.vue, /src/style.css[22m
[2m16:34:28[22m [36m[1m[vite][22m[39m [90m[2m(client)[22m[39m [32mpage reload [39m[2msrc/stores/auth.js[22m
[2m16:35:15[22m [36m[1m[vite][22m[39m [90m[2m(client)[22m[39m [32mhmr update [39m[2m/src/views/LoginView.vue, /src/style.css[22m
[2m16:35:54[22m [36m[1m[vite][22m[39m [90m[2m(client)[22m[39m [32mpage reload [39m[2msrc/router/index.js[22m
[2m16:40:41[22m [36m[1m[vite][22m[39m [90m[2m(client)[22m[39m [32mpage reload [39m[2mindex.html[22m
[2m16:45:15[22m [36m[1m[vite][22m[39m [90m[2m(client)[22m[39m [32mhmr update [39m[2m/src/components/layout/AppSidebar.vue, /src/style.css[22m
[2m16:45:16[22m [33m[1m[vite][22m[39m [33m[2m(client)[22m[39m [2m[console.warn] [22m[VUE_ROUTER_R0004] No match found for location with path "/my-workout"
├▶ fix: Add a route matching this path or check for typos in the location.
╰▶ see: https://router.vuejs.org/guide/essentials/dynamic-matching.html#Catch-all-404-Not-found-Route
[2m16:45:16[22m [33m[1m[vite][22m[39m [33m[2m(client)[22m[39m [2m[console.warn] [22m[VUE_ROUTER_R0004] No match found for location with path "/programs"
├▶ fix: Add a route matching this path or check for typos in the location.
╰▶ see: https://router.vuejs.org/guide/essentials/dynamic-matching.html#Catch-all-404-Not-found-Route
[2m16:45:16[22m [33m[1m[vite][22m[39m [33m[2m(client)[22m[39m [2m[console.warn] [22m[VUE_ROUTER_R0004] No match found for location with path "/history"
├▶ fix: Add a route matching this path or check for typos in the location.
╰▶ see: https://router.vuejs.org/guide/essentials/dynamic-matching.html#Catch-all-404-Not-found-Route
[2m16:45:16[22m [33m[1m[vite][22m[39m [33m[2m(client)[22m[39m [2m[console.warn] [22m[VUE_ROUTER_R0004] No match found for location with path "/integrations"
├▶ fix: Add a route matching this path or check for typos in the location.
╰▶ see: https://router.vuejs.org/guide/essentials/dynamic-matching.html#Catch-all-404-Not-found-Route
[2m16:45:41[22m [36m[1m[vite][22m[39m [90m[2m(client)[22m[39m [32mhmr update [39m[2m/src/components/layout/AppHeader.vue, /src/style.css[22m
[2m16:46:05[22m [36m[1m[vite][22m[39m [90m[2m(client)[22m[39m [32mpage reload [39m[2msrc/router/index.js[22m
[2m16:46:05[22m [31m[1m[vite][22m[39m [31mInternal server error: Failed to resolve import "../views/MyWorkoutView.vue" from "src/router/index.js". Does the file exist?[39m
  Plugin: [35mvite:import-analysis[39m
  File: [36mC:/Users/Hugo/Documents/Default Project/aquarun/src/router/index.js[39m:26:28
[33m  24 |      path: '/my-workout',
  25 |      name: 'MyWorkout',
  26 |      component: () => import('../views/MyWorkoutView.vue'),
     |                              ^
  27 |      meta: { auth: true }
  28 |    },[39m
      at TransformPluginContext._formatLog (file:///C:/Users/Hugo/Documents/Default%20Project/aquarun/node_modules/vite/dist/node/chunks/node.js:30416:39)
      at TransformPluginContext.error (file:///C:/Users/Hugo/Documents/Default%20Project/aquarun/node_modules/vite/dist/node/chunks/node.js:30413:14)
      at normalizeUrl (file:///C:/Users/Hugo/Documents/Default%20Project/aquarun/node_modules/vite/dist/node/chunks/node.js:27438:18)
      at async file:///C:/Users/Hugo/Documents/Default%20Project/aquarun/node_modules/vite/dist/node/chunks/node.js:27506:30
      at async Promise.all (index 5)
      at async TransformPluginContext.transform (file:///C:/Users/Hugo/Documents/Default%20Project/aquarun/node_modules/vite/dist/node/chunks/node.js:27474:4)
      at async EnvironmentPluginContainer.transform (file:///C:/Users/Hugo/Documents/Default%20Project/aquarun/node_modules/vite/dist/node/chunks/node.js:30201:14)
      at async loadAndTransform (file:///C:/Users/Hugo/Documents/Default%20Project/aquarun/node_modules/vite/dist/node/chunks/node.js:20124:26)
[2m16:46:05[22m [31m[1m[vite][22m[39m [31m[2m(client)[22m[39m Pre-transform error: Failed to resolve import "../views/MyWorkoutView.vue" from "src/router/index.js". Does the file exist?
  Plugin: [35mvite:import-analysis[39m
  File: [36mC:/Users/Hugo/Documents/Default Project/aquarun/src/router/index.js[39m:26:28
[33m  24 |      path: '/my-workout',
  25 |      name: 'MyWorkout',
  26 |      component: () => import('../views/MyWorkoutView.vue'),
     |                              ^
  27 |      meta: { auth: true }
  28 |    },[39m
[2m16:46:31[22m [36m[1m[vite][22m[39m [90m[2m(client)[22m[39m [32mpage reload [39m[2msrc/views/MyWorkoutView.vue[22m
[2m16:46:32[22m [31m[1m[vite][22m[39m [31m[2m(client)[22m[39m Pre-transform error: Failed to resolve import "../views/HelpView.vue" from "src/router/index.js". Does the file exist?
  Plugin: [35mvite:import-analysis[39m
  File: [36mC:/Users/Hugo/Documents/Default Project/aquarun/src/router/index.js[39m:68:28
[33m  66 |      path: '/help',
  67 |      name: 'Help',
  68 |      component: () => import('../views/HelpView.vue'),
     |                              ^
  69 |      meta: { auth: true }
  70 |    },[39m
[2m16:46:32[22m [31m[1m[vite][22m[39m [31mInternal server error: Failed to resolve import "../views/ProgramsView.vue" from "src/router/index.js". Does the file exist?[39m
  Plugin: [35mvite:import-analysis[39m
  File: [36mC:/Users/Hugo/Documents/Default Project/aquarun/src/router/index.js[39m:32:28
[33m  30 |      path: '/programs',
  31 |      name: 'Programs',
  32 |      component: () => import('../views/ProgramsView.vue'),
     |                              ^
  33 |      meta: { auth: true }
  34 |    },[39m
      at TransformPluginContext._formatLog (file:///C:/Users/Hugo/Documents/Default%20Project/aquarun/node_modules/vite/dist/node/chunks/node.js:30416:39)
      at TransformPluginContext.error (file:///C:/Users/Hugo/Documents/Default%20Project/aquarun/node_modules/vite/dist/node/chunks/node.js:30413:14)
      at normalizeUrl (file:///C:/Users/Hugo/Documents/Default%20Project/aquarun/node_modules/vite/dist/node/chunks/node.js:27438:18)
      at async file:///C:/Users/Hugo/Documents/Default%20Project/aquarun/node_modules/vite/dist/node/chunks/node.js:27506:30
      at async Promise.all (index 6)
      at async TransformPluginContext.transform (file:///C:/Users/Hugo/Documents/Default%20Project/aquarun/node_modules/vite/dist/node/chunks/node.js:27474:4)
      at async EnvironmentPluginContainer.transform (file:///C:/Users/Hugo/Documents/Default%20Project/aquarun/node_modules/vite/dist/node/chunks/node.js:30201:14)
      at async loadAndTransform (file:///C:/Users/Hugo/Documents/Default%20Project/aquarun/node_modules/vite/dist/node/chunks/node.js:20124:26)
      at async viteTransformMiddleware (file:///C:/Users/Hugo/Documents/Default%20Project/aquarun/node_modules/vite/dist/node/chunks/node.js:24604:20)
[2m16:46:56[22m [36m[1m[vite][22m[39m [90m[2m(client)[22m[39m [32mpage reload [39m[2msrc/views/ProgramsView.vue[22m
[2m16:46:57[22m [31m[1m[vite][22m[39m [31m[2m(client)[22m[39m Pre-transform error: Failed to resolve import "../views/HistoryView.vue" from "src/router/index.js". Does the file exist?
  Plugin: [35mvite:import-analysis[39m
  File: [36mC:/Users/Hugo/Documents/Default Project/aquarun/src/router/index.js[39m:38:28
[33m  36 |      path: '/history',
  37 |      name: 'History',
  38 |      component: () => import('../views/HistoryView.vue'),
     |                              ^
  39 |      meta: { auth: true }
  40 |    },[39m
[2m16:46:57[22m [31m[1m[vite][22m[39m [31mInternal server error: Failed to resolve import "../views/HistoryView.vue" from "src/router/index.js". Does the file exist?[39m
  Plugin: [35mvite:import-analysis[39m
  File: [36mC:/Users/Hugo/Documents/Default Project/aquarun/src/router/index.js[39m:38:28
[33m  36 |      path: '/history',
  37 |      name: 'History',
  38 |      component: () => import('../views/HistoryView.vue'),
     |                              ^
  39 |      meta: { auth: true }
  40 |    },[39m
      at TransformPluginContext._formatLog (file:///C:/Users/Hugo/Documents/Default%20Project/aquarun/node_modules/vite/dist/node/chunks/node.js:30416:39)
      at TransformPluginContext.error (file:///C:/Users/Hugo/Documents/Default%20Project/aquarun/node_modules/vite/dist/node/chunks/node.js:30413:14)
      at normalizeUrl (file:///C:/Users/Hugo/Documents/Default%20Project/aquarun/node_modules/vite/dist/node/chunks/node.js:27438:18)
      at async file:///C:/Users/Hugo/Documents/Default%20Project/aquarun/node_modules/vite/dist/node/chunks/node.js:27506:30
      at async Promise.all (index 7)
      at async TransformPluginContext.transform (file:///C:/Users/Hugo/Documents/Default%20Project/aquarun/node_modules/vite/dist/node/chunks/node.js:27474:4)
      at async EnvironmentPluginContainer.transform (file:///C:/Users/Hugo/Documents/Default%20Project/aquarun/node_modules/vite/dist/node/chunks/node.js:30201:14)
      at async loadAndTransform (file:///C:/Users/Hugo/Documents/Default%20Project/aquarun/node_modules/vite/dist/node/chunks/node.js:20124:26)
      at async viteTransformMiddleware (file:///C:/Users/Hugo/Documents/Default%20Project/aquarun/node_modules/vite/dist/node/chunks/node.js:24604:20)
[2m16:47:18[22m [36m[1m[vite][22m[39m [90m[2m(client)[22m[39m [32mpage reload [39m[2msrc/views/HistoryView.vue[22m
[2m16:47:19[22m [31m[1m[vite][22m[39m [31m[2m(client)[22m[39m Pre-transform error: Failed to resolve import "../views/IntegrationsView.vue" from "src/router/index.js". Does the file exist?
  Plugin: [35mvite:import-analysis[39m
  File: [36mC:/Users/Hugo/Documents/Default Project/aquarun/src/router/index.js[39m:50:28
[33m  48 |      path: '/integrations',
  49 |      name: 'Integrations',
  50 |      component: () => import('../views/IntegrationsView.vue'),
     |                              ^
  51 |      meta: { auth: true }
  52 |    },[39m
[2m16:47:19[22m [31m[1m[vite][22m[39m [31mInternal server error: Failed to resolve import "../views/IntegrationsView.vue" from "src/router/index.js". Does the file exist?[39m
  Plugin: [35mvite:import-analysis[39m
  File: [36mC:/Users/Hugo/Documents/Default Project/aquarun/src/router/index.js[39m:50:28
[33m  48 |      path: '/integrations',
  49 |      name: 'Integrations',
  50 |      component: () => import('../views/IntegrationsView.vue'),
     |                              ^
  51 |      meta: { auth: true }
  52 |    },[39m
      at TransformPluginContext._formatLog (file:///C:/Users/Hugo/Documents/Default%20Project/aquarun/node_modules/vite/dist/node/chunks/node.js:30416:39)
      at TransformPluginContext.error (file:///C:/Users/Hugo/Documents/Default%20Project/aquarun/node_modules/vite/dist/node/chunks/node.js:30413:14)
      at normalizeUrl (file:///C:/Users/Hugo/Documents/Default%20Project/aquarun/node_modules/vite/dist/node/chunks/node.js:27438:18)
      at async file:///C:/Users/Hugo/Documents/Default%20Project/aquarun/node_modules/vite/dist/node/chunks/node.js:27506:30
      at async Promise.all (index 9)
      at async TransformPluginContext.transform (file:///C:/Users/Hugo/Documents/Default%20Project/aquarun/node_modules/vite/dist/node/chunks/node.js:27474:4)
      at async EnvironmentPluginContainer.transform (file:///C:/Users/Hugo/Documents/Default%20Project/aquarun/node_modules/vite/dist/node/chunks/node.js:30201:14)
      at async loadAndTransform (file:///C:/Users/Hugo/Documents/Default%20Project/aquarun/node_modules/vite/dist/node/chunks/node.js:20124:26)
      at async viteTransformMiddleware (file:///C:/Users/Hugo/Documents/Default%20Project/aquarun/node_modules/vite/dist/node/chunks/node.js:24604:20)
[2m16:47:51[22m [36m[1m[vite][22m[39m [90m[2m(client)[22m[39m [32mpage reload [39m[2msrc/views/IntegrationsView.vue[22m
[2m16:47:52[22m [31m[1m[vite][22m[39m [31m[2m(client)[22m[39m Pre-transform error: Failed to resolve import "../views/ProfileView.vue" from "src/router/index.js". Does the file exist?
  Plugin: [35mvite:import-analysis[39m
  File: [36mC:/Users/Hugo/Documents/Default Project/aquarun/src/router/index.js[39m:56:28
[33m  54 |      path: '/profile',
  55 |      name: 'Profile',
  56 |      component: () => import('../views/ProfileView.vue'),
     |                              ^
  57 |      meta: { auth: true }
  58 |    },[39m
[2m16:47:52[22m [31m[1m[vite][22m[39m [31mInternal server error: Failed to resolve import "../views/SettingsView.vue" from "src/router/index.js". Does the file exist?[39m
  Plugin: [35mvite:import-analysis[39m
  File: [36mC:/Users/Hugo/Documents/Default Project/aquarun/src/router/index.js[39m:62:28
[33m  60 |      path: '/settings',
  61 |      name: 'Settings',
  62 |      component: () => import('../views/SettingsView.vue'),
     |                              ^
  63 |      meta: { auth: true }
  64 |    },[39m
      at TransformPluginContext._formatLog (file:///C:/Users/Hugo/Documents/Default%20Project/aquarun/node_modules/vite/dist/node/chunks/node.js:30416:39)
      at TransformPluginContext.error (file:///C:/Users/Hugo/Documents/Default%20Project/aquarun/node_modules/vite/dist/node/chunks/node.js:30413:14)
      at normalizeUrl (file:///C:/Users/Hugo/Documents/Default%20Project/aquarun/node_modules/vite/dist/node/chunks/node.js:27438:18)
      at async file:///C:/Users/Hugo/Documents/Default%20Project/aquarun/node_modules/vite/dist/node/chunks/node.js:27506:30
      at async Promise.all (index 11)
      at async TransformPluginContext.transform (file:///C:/Users/Hugo/Documents/Default%20Project/aquarun/node_modules/vite/dist/node/chunks/node.js:27474:4)
      at async EnvironmentPluginContainer.transform (file:///C:/Users/Hugo/Documents/Default%20Project/aquarun/node_modules/vite/dist/node/chunks/node.js:30201:14)
      at async loadAndTransform (file:///C:/Users/Hugo/Documents/Default%20Project/aquarun/node_modules/vite/dist/node/chunks/node.js:20124:26)
      at async viteTransformMiddleware (file:///C:/Users/Hugo/Documents/Default%20Project/aquarun/node_modules/vite/dist/node/chunks/node.js:24604:20)
[2m16:48:12[22m [31m[1m[vite][22m[39m [31mInternal server error: Failed to resolve import "../views/ProfileView.vue" from "src/router/index.js". Does the file exist?[39m
  Plugin: [35mvite:import-analysis[39m
  File: [36mC:/Users/Hugo/Documents/Default Project/aquarun/src/router/index.js[39m:56:28
[33m  54 |      path: '/profile',
  55 |      name: 'Profile',
  56 |      component: () => import('../views/ProfileView.vue'),
     |                              ^
  57 |      meta: { auth: true }
  58 |    },[39m
      at TransformPluginContext._formatLog (file:///C:/Users/Hugo/Documents/Default%20Project/aquarun/node_modules/vite/dist/node/chunks/node.js:30416:39)
      at TransformPluginContext.error (file:///C:/Users/Hugo/Documents/Default%20Project/aquarun/node_modules/vite/dist/node/chunks/node.js:30413:14)
      at normalizeUrl (file:///C:/Users/Hugo/Documents/Default%20Project/aquarun/node_modules/vite/dist/node/chunks/node.js:27438:18)
      at async file:///C:/Users/Hugo/Documents/Default%20Project/aquarun/node_modules/vite/dist/node/chunks/node.js:27506:30
      at async Promise.all (index 10)
      at async TransformPluginContext.transform (file:///C:/Users/Hugo/Documents/Default%20Project/aquarun/node_modules/vite/dist/node/chunks/node.js:27474:4)
      at async EnvironmentPluginContainer.transform (file:///C:/Users/Hugo/Documents/Default%20Project/aquarun/node_modules/vite/dist/node/chunks/node.js:30201:14)
      at async loadAndTransform (file:///C:/Users/Hugo/Documents/Default%20Project/aquarun/node_modules/vite/dist/node/chunks/node.js:20124:26)
      at async viteTransformMiddleware (file:///C:/Users/Hugo/Documents/Default%20Project/aquarun/node_modules/vite/dist/node/chunks/node.js:24604:20)
[2m16:48:14[22m [31m[1m[vite][22m[39m [31mInternal server error: Failed to resolve import "../views/SettingsView.vue" from "src/router/index.js". Does the file exist?[39m
  Plugin: [35mvite:import-analysis[39m
  File: [36mC:/Users/Hugo/Documents/Default Project/aquarun/src/router/index.js[39m:62:28
[33m  60 |      path: '/settings',
  61 |      name: 'Settings',
  62 |      component: () => import('../views/SettingsView.vue'),
     |                              ^
  63 |      meta: { auth: true }
  64 |    },[39m
      at TransformPluginContext._formatLog (file:///C:/Users/Hugo/Documents/Default%20Project/aquarun/node_modules/vite/dist/node/chunks/node.js:30416:39)
      at TransformPluginContext.error (file:///C:/Users/Hugo/Documents/Default%20Project/aquarun/node_modules/vite/dist/node/chunks/node.js:30413:14)
      at normalizeUrl (file:///C:/Users/Hugo/Documents/Default%20Project/aquarun/node_modules/vite/dist/node/chunks/node.js:27438:18)
      at async file:///C:/Users/Hugo/Documents/Default%20Project/aquarun/node_modules/vite/dist/node/chunks/node.js:27506:30
      at async Promise.all (index 11)
      at async TransformPluginContext.transform (file:///C:/Users/Hugo/Documents/Default%20Project/aquarun/node_modules/vite/dist/node/chunks/node.js:27474:4)
      at async EnvironmentPluginContainer.transform (file:///C:/Users/Hugo/Documents/Default%20Project/aquarun/node_modules/vite/dist/node/chunks/node.js:30201:14)
      at async loadAndTransform (file:///C:/Users/Hugo/Documents/Default%20Project/aquarun/node_modules/vite/dist/node/chunks/node.js:20124:26)
      at async viteTransformMiddleware (file:///C:/Users/Hugo/Documents/Default%20Project/aquarun/node_modules/vite/dist/node/chunks/node.js:24604:20)
[2m16:48:16[22m [36m[1m[vite][22m[39m [90m[2m(client)[22m[39m [32mpage reload [39m[2msrc/views/ProfileView.vue[22m
[2m16:48:16[22m [31m[1m[vite][22m[39m [31m[2m(client)[22m[39m Pre-transform error: Failed to resolve import "../views/SettingsView.vue" from "src/router/index.js". Does the file exist?
  Plugin: [35mvite:import-analysis[39m
  File: [36mC:/Users/Hugo/Documents/Default Project/aquarun/src/router/index.js[39m:62:28
[33m  60 |      path: '/settings',
  61 |      name: 'Settings',
  62 |      component: () => import('../views/SettingsView.vue'),
     |                              ^
  63 |      meta: { auth: true }
  64 |    },[39m
[2m16:48:16[22m [31m[1m[vite][22m[39m [31mInternal server error: Failed to resolve import "../views/SettingsView.vue" from "src/router/index.js". Does the file exist?[39m
  Plugin: [35mvite:import-analysis[39m
  File: [36mC:/Users/Hugo/Documents/Default Project/aquarun/src/router/index.js[39m:62:28
[33m  60 |      path: '/settings',
  61 |      name: 'Settings',
  62 |      component: () => import('../views/SettingsView.vue'),
     |                              ^
  63 |      meta: { auth: true }
  64 |    },[39m
      at TransformPluginContext._formatLog (file:///C:/Users/Hugo/Documents/Default%20Project/aquarun/node_modules/vite/dist/node/chunks/node.js:30416:39)
      at TransformPluginContext.error (file:///C:/Users/Hugo/Documents/Default%20Project/aquarun/node_modules/vite/dist/node/chunks/node.js:30413:14)
      at normalizeUrl (file:///C:/Users/Hugo/Documents/Default%20Project/aquarun/node_modules/vite/dist/node/chunks/node.js:27438:18)
      at async file:///C:/Users/Hugo/Documents/Default%20Project/aquarun/node_modules/vite/dist/node/chunks/node.js:27506:30
      at async Promise.all (index 11)
      at async TransformPluginContext.transform (file:///C:/Users/Hugo/Documents/Default%20Project/aquarun/node_modules/vite/dist/node/chunks/node.js:27474:4)
      at async EnvironmentPluginContainer.transform (file:///C:/Users/Hugo/Documents/Default%20Project/aquarun/node_modules/vite/dist/node/chunks/node.js:30201:14)
      at async loadAndTransform (file:///C:/Users/Hugo/Documents/Default%20Project/aquarun/node_modules/vite/dist/node/chunks/node.js:20124:26)
      at async viteTransformMiddleware (file:///C:/Users/Hugo/Documents/Default%20Project/aquarun/node_modules/vite/dist/node/chunks/node.js:24604:20)
[2m16:49:05[22m [31m[1m[vite][22m[39m [31mInternal server error: Failed to resolve import "../views/SettingsView.vue" from "src/router/index.js". Does the file exist?[39m
  Plugin: [35mvite:import-analysis[39m
  File: [36mC:/Users/Hugo/Documents/Default Project/aquarun/src/router/index.js[39m:62:28
[33m  60 |      path: '/settings',
  61 |      name: 'Settings',
  62 |      component: () => import('../views/SettingsView.vue'),
     |                              ^
  63 |      meta: { auth: true }
  64 |    },[39m
      at TransformPluginContext._formatLog (file:///C:/Users/Hugo/Documents/Default%20Project/aquarun/node_modules/vite/dist/node/chunks/node.js:30416:39)
      at TransformPluginContext.error (file:///C:/Users/Hugo/Documents/Default%20Project/aquarun/node_modules/vite/dist/node/chunks/node.js:30413:14)
      at normalizeUrl (file:///C:/Users/Hugo/Documents/Default%20Project/aquarun/node_modules/vite/dist/node/chunks/node.js:27438:18)
      at async file:///C:/Users/Hugo/Documents/Default%20Project/aquarun/node_modules/vite/dist/node/chunks/node.js:27506:30
      at async Promise.all (index 11)
      at async TransformPluginContext.transform (file:///C:/Users/Hugo/Documents/Default%20Project/aquarun/node_modules/vite/dist/node/chunks/node.js:27474:4)
      at async EnvironmentPluginContainer.transform (file:///C:/Users/Hugo/Documents/Default%20Project/aquarun/node_modules/vite/dist/node/chunks/node.js:30201:14)
      at async loadAndTransform (file:///C:/Users/Hugo/Documents/Default%20Project/aquarun/node_modules/vite/dist/node/chunks/node.js:20124:26)
      at async viteTransformMiddleware (file:///C:/Users/Hugo/Documents/Default%20Project/aquarun/node_modules/vite/dist/node/chunks/node.js:24604:20)
[2m16:49:48[22m [36m[1m[vite][22m[39m [90m[2m(client)[22m[39m [32mpage reload [39m[2msrc/views/SettingsView.vue[22m
[2m16:49:49[22m [31m[1m[vite][22m[39m [31m[2m(client)[22m[39m Pre-transform error: Failed to resolve import "../views/HelpView.vue" from "src/router/index.js". Does the file exist?
  Plugin: [35mvite:import-analysis[39m
  File: [36mC:/Users/Hugo/Documents/Default Project/aquarun/src/router/index.js[39m:68:28
[33m  66 |      path: '/help',
  67 |      name: 'Help',
  68 |      component: () => import('../views/HelpView.vue'),
     |                              ^
  69 |      meta: { auth: true }
  70 |    },[39m
[2m16:49:49[22m [31m[1m[vite][22m[39m [31mInternal server error: Failed to resolve import "../views/HelpView.vue" from "src/router/index.js". Does the file exist?[39m
  Plugin: [35mvite:import-analysis[39m
  File: [36mC:/Users/Hugo/Documents/Default Project/aquarun/src/router/index.js[39m:68:28
[33m  66 |      path: '/help',
  67 |      name: 'Help',
  68 |      component: () => import('../views/HelpView.vue'),
     |                              ^
  69 |      meta: { auth: true }
  70 |    },[39m
      at TransformPluginContext._formatLog (file:///C:/Users/Hugo/Documents/Default%20Project/aquarun/node_modules/vite/dist/node/chunks/node.js:30416:39)
      at TransformPluginContext.error (file:///C:/Users/Hugo/Documents/Default%20Project/aquarun/node_modules/vite/dist/node/chunks/node.js:30413:14)
      at normalizeUrl (file:///C:/Users/Hugo/Documents/Default%20Project/aquarun/node_modules/vite/dist/node/chunks/node.js:27438:18)
      at async file:///C:/Users/Hugo/Documents/Default%20Project/aquarun/node_modules/vite/dist/node/chunks/node.js:27506:30
      at async Promise.all (index 12)
      at async TransformPluginContext.transform (file:///C:/Users/Hugo/Documents/Default%20Project/aquarun/node_modules/vite/dist/node/chunks/node.js:27474:4)
      at async EnvironmentPluginContainer.transform (file:///C:/Users/Hugo/Documents/Default%20Project/aquarun/node_modules/vite/dist/node/chunks/node.js:30201:14)
      at async loadAndTransform (file:///C:/Users/Hugo/Documents/Default%20Project/aquarun/node_modules/vite/dist/node/chunks/node.js:20124:26)
      at async viteTransformMiddleware (file:///C:/Users/Hugo/Documents/Default%20Project/aquarun/node_modules/vite/dist/node/chunks/node.js:24604:20)
[2m16:50:07[22m [36m[1m[vite][22m[39m [90m[2m(client)[22m[39m [32mpage reload [39m[2msrc/views/HelpView.vue[22m
[2m16:56:39[22m [36m[1m[vite][22m[39m [90m[2m(client)[22m[39m [32mpage reload [39m[2msrc/stores/auth.js[22m
[2m16:57:03[22m [36m[1m[vite][22m[39m [90m[2m(client)[22m[39m [32mpage reload [39m[2msrc/router/index.js[22m
[2m17:00:43[22m [36m[1m[vite][22m[39m [90m[2m(client)[22m[39m [32mhmr update [39m[2m/src/views/OnboardingView.vue, /src/style.css[22m
[2m17:07:07[22m [36m[1m[vite][22m[39m [90m[2m(client)[22m[39m [32mhmr update [39m[2m/src/views/OnboardingView.vue, /src/style.css[22m
[2m17:13:46[22m [36m[1m[vite][22m[39m [90m[2m(client)[22m[39m [32mhmr update [39m[2m/src/views/OnboardingView.vue, /src/style.css[22m
[2m17:14:43[22m [36m[1m[vite][22m[39m [90m[2m(client)[22m[39m [32mpage reload [39m[2msrc/router/index.js[22m
[2m17:14:59[22m [36m[1m[vite][22m[39m [90m[2m(client)[22m[39m [32mhmr update [39m[2m/src/style.css[22m
[2m17:18:03[22m [36m[1m[vite][22m[39m [90m[2m(client)[22m[39m [32mhmr update [39m[2m/src/views/OnboardingView.vue, /src/style.css[22m
[2m17:21:58[22m [36m[1m[vite][22m[39m [90m[2m(client)[22m[39m [32mpage reload [39m[2msrc/stores/auth.js[22m
[2m17:26:23[22m [36m[1m[vite][22m[39m [90m[2m(client)[22m[39m [32mpage reload [39m[2msrc/router/index.js[22m
[2m17:26:28[22m [36m[1m[vite][22m[39m [90m[2m(client)[22m[39m [32mhmr update [39m[2m/src/style.css[22m
[2m17:27:00[22m [36m[1m[vite][22m[39m [90m[2m(client)[22m[39m [32mhmr update [39m[2m/src/style.css[22m
[2m17:36:06[22m [36m[1m[vite][22m[39m [90m[2m(client)[22m[39m [32mpage reload [39m[2msrc/stores/auth.js[22m
[2m17:36:16[22m [36m[1m[vite][22m[39m [90m[2m(client)[22m[39m [32mpage reload [39m[2msrc/stores/auth.js[22m
[2m17:36:26[22m [36m[1m[vite][22m[39m [90m[2m(client)[22m[39m [32mpage reload [39m[2msrc/utils/supabase.js[22m
[2m17:36:55[22m [36m[1m[vite][22m[39m [90m[2m(client)[22m[39m [32mpage reload [39m[2msrc/utils/supabase.js[22m
[2m17:37:08[22m [36m[1m[vite][22m[39m [90m[2m(client)[22m[39m [32mpage reload [39m[2msrc/router/index.js[22m
[2m17:37:42[22m [33m[1m[vite][22m[39m [33m[2m(client)[22m[39m [2m[console.warn] [22mfetchProfile: Cannot coerce the result to a single JSON object
[2m17:37:42[22m [33m[1m[vite][22m[39m [33m[2m(client)[22m[39m [2m[console.warn] [22mfetchProfile: Cannot coerce the result to a single JSON object
[2m17:37:43[22m [33m[1m[vite][22m[39m [33m[2m(client)[22m[39m [2m[console.warn] [22mfetchProfile: Cannot coerce the result to a single JSON object
[2m17:37:46[22m [33m[1m[vite][22m[39m [33m[2m(client)[22m[39m [2m[console.warn] [22mfetchProfile: Cannot coerce the result to a single JSON object
[2m17:40:10[22m [36m[1m[vite][22m[39m [90m[2m(client)[22m[39m [32mhmr update [39m[2m/src/views/LoginView.vue, /src/style.css[22m
[2m17:42:01[22m [36m[1m[vite][22m[39m [90m[2m(client)[22m[39m [32mhmr update [39m[2m/src/views/OnboardingView.vue, /src/style.css[22m
[2m17:43:22[22m [33m[1m[vite][22m[39m [33m[2m(client)[22m[39m [2m[console.warn] [22mfetchProfile: Cannot coerce the result to a single JSON object
[2m17:43:23[22m [33m[1m[vite][22m[39m [33m[2m(client)[22m[39m [2m[console.warn] [22mfetchProfile: Cannot coerce the result to a single JSON object
[2m17:43:23[22m [33m[1m[vite][22m[39m [33m[2m(client)[22m[39m [2m[console.warn] [22mfetchProfile: Cannot coerce the result to a single JSON object
[2m17:43:23[22m [33m[1m[vite][22m[39m [33m[2m(client)[22m[39m [2m[console.warn] [22mfetchProfile: Cannot coerce the result to a single JSON object
[2m17:43:39[22m [33m[1m[vite][22m[39m [33m[2m(client)[22m[39m [2m[console.warn] [22mProfile insert: new row violates row-level security policy for table "profiles"
[2m17:43:39[22m [33m[1m[vite][22m[39m [33m[2m(client)[22m[39m [2m[console.warn] [22mfetchProfile: Cannot coerce the result to a single JSON object
[2m17:43:39[22m [33m[1m[vite][22m[39m [33m[2m(client)[22m[39m [2m[console.warn] [22mfetchProfile: Cannot coerce the result to a single JSON object
[2m17:44:48[22m [36m[1m[vite][22m[39m [90m[2m(client)[22m[39m [32mhmr update [39m[2m/src/views/OnboardingView.vue, /src/style.css[22m
[2m17:44:48[22m [31m[1m[vite][22m[39m [31m[2m(client)[22m[39m Pre-transform error: Cannot apply unknown utility class `px-4`. Are you using CSS modules or similar and missing `@reference`? https://tailwindcss.com/docs/functions-and-directives#reference-directive
  Plugin: [35m@tailwindcss/vite:generate:serve[39m
  File: [36mC:/Users/Hugo/Documents/Default Project/aquarun/src/views/OnboardingView.vue?vue&type=style&index=0&scoped=2a9bae0d&lang.css[39m
[2m17:44:48[22m [31m[1m[vite][22m[39m [31mInternal server error: Cannot apply unknown utility class `px-4`. Are you using CSS modules or similar and missing `@reference`? https://tailwindcss.com/docs/functions-and-directives#reference-directive[39m
  Plugin: [35m@tailwindcss/vite:generate:serve[39m
  File: [36mC:/Users/Hugo/Documents/Default Project/aquarun/src/views/OnboardingView.vue?vue&type=style&index=0&scoped=2a9bae0d&lang.css[39m
      at onInvalidCandidate (file:///C:/Users/Hugo/Documents/Default%20Project/aquarun/node_modules/tailwindcss/dist/lib.mjs:21:1682)
      at $e (file:///C:/Users/Hugo/Documents/Default%20Project/aquarun/node_modules/tailwindcss/dist/lib.mjs:16:39796)
      at file:///C:/Users/Hugo/Documents/Default%20Project/aquarun/node_modules/tailwindcss/dist/lib.mjs:21:711
      at Hr (file:///C:/Users/Hugo/Documents/Default%20Project/aquarun/node_modules/tailwindcss/dist/lib.mjs:5:1775)
      at P (file:///C:/Users/Hugo/Documents/Default%20Project/aquarun/node_modules/tailwindcss/dist/lib.mjs:5:1377)
      at Ve (file:///C:/Users/Hugo/Documents/Default%20Project/aquarun/node_modules/tailwindcss/dist/lib.mjs:21:172)
      at pn (file:///C:/Users/Hugo/Documents/Default%20Project/aquarun/node_modules/tailwindcss/dist/lib.mjs:38:294)
      at async Ea (file:///C:/Users/Hugo/Documents/Default%20Project/aquarun/node_modules/tailwindcss/dist/lib.mjs:38:631)
      at async zf (file:///C:/Users/Hugo/Documents/Default%20Project/aquarun/node_modules/tailwindcss/dist/lib.mjs:38:1406)
      at async fu (file:///C:/Users/Hugo/Documents/Default%20Project/aquarun/node_modules/@tailwindcss/node/dist/index.mjs:10:3458)
[2m17:44:48[22m [31m[1m[vite][22m[39m [31m[2m(client)[22m[39m [2m[console.error] [22m[vite] Failed to reload /src/views/OnboardingView.vue. This could be due to syntax errors or importing non-existent modules. (see errors above)
[2m17:45:16[22m [36m[1m[vite][22m[39m [90m[2m(client)[22m[39m [32mhmr update [39m[2m/src/style.css[22m
[2m17:46:50[22m [36m[1m[vite][22m[39m [90m[2m(client)[22m[39m [32mhmr update [39m[2m/src/App.vue, /src/style.css[22m
[2m17:46:57[22m [36m[1m[vite][22m[39m [90m[2m(client)[22m[39m [32mhmr update [39m[2m/src/style.css[22m
[2m17:47:35[22m [33m[1m[vite][22m[39m [33m[2m(client)[22m[39m [2m[console.warn] [22mProfile insert: new row violates row-level security policy for table "profiles"
[2m17:47:35[22m [33m[1m[vite][22m[39m [33m[2m(client)[22m[39m [2m[console.warn] [22mfetchProfile: Cannot coerce the result to a single JSON object
[2m17:47:36[22m [31m[1m[vite][22m[39m [31mInternal server error: Cannot apply unknown utility class `px-4`. Are you using CSS modules or similar and missing `@reference`? https://tailwindcss.com/docs/functions-and-directives#reference-directive[39m
  Plugin: [35m@tailwindcss/vite:generate:serve[39m
  File: [36mC:/Users/Hugo/Documents/Default Project/aquarun/src/views/OnboardingView.vue?vue&type=style&index=0&scoped=2a9bae0d&lang.css[39m
      at onInvalidCandidate (file:///C:/Users/Hugo/Documents/Default%20Project/aquarun/node_modules/tailwindcss/dist/lib.mjs:21:1682)
      at $e (file:///C:/Users/Hugo/Documents/Default%20Project/aquarun/node_modules/tailwindcss/dist/lib.mjs:16:39796)
      at file:///C:/Users/Hugo/Documents/Default%20Project/aquarun/node_modules/tailwindcss/dist/lib.mjs:21:711
      at Hr (file:///C:/Users/Hugo/Documents/Default%20Project/aquarun/node_modules/tailwindcss/dist/lib.mjs:5:1775)
      at P (file:///C:/Users/Hugo/Documents/Default%20Project/aquarun/node_modules/tailwindcss/dist/lib.mjs:5:1377)
      at Ve (file:///C:/Users/Hugo/Documents/Default%20Project/aquarun/node_modules/tailwindcss/dist/lib.mjs:21:172)
      at pn (file:///C:/Users/Hugo/Documents/Default%20Project/aquarun/node_modules/tailwindcss/dist/lib.mjs:38:294)
      at async Ea (file:///C:/Users/Hugo/Documents/Default%20Project/aquarun/node_modules/tailwindcss/dist/lib.mjs:38:631)
      at async zf (file:///C:/Users/Hugo/Documents/Default%20Project/aquarun/node_modules/tailwindcss/dist/lib.mjs:38:1406)
      at async fu (file:///C:/Users/Hugo/Documents/Default%20Project/aquarun/node_modules/@tailwindcss/node/dist/index.mjs:10:3458)
[2m17:47:36[22m [33m[1m[vite][22m[39m [33m[2m(client)[22m[39m [2m[console.warn] [22m[VUE_ROUTER_R0010] Uncaught error during route navigation
╰▶ fix: Register an error handler with `router.onError()` to handle navigation errors.
[2m17:47:36[22m [31m[1m[vite][22m[39m [31m[2m(client)[22m[39m [2m[console.error] [22mTypeError: Failed to fetch dynamically imported module: http://localhost:5173/src/views/OnboardingView.vue?t=1784839488255
[2m17:47:36[22m [31m[1m[vite][22m[39m [31m[2m(client)[22m[39m [31m[Unhandled rejection] [1mTypeError[22m: Failed to fetch dynamically imported module: http://localhost:5173/src/views/OnboardingView.vue?t=1784839488255
[39m
[2m17:47:41[22m [33m[1m[vite][22m[39m [33m[2m(client)[22m[39m [2m[console.warn] [22m[VUE_ROUTER_R0010] Uncaught error during route navigation
╰▶ fix: Register an error handler with `router.onError()` to handle navigation errors.
[2m17:47:41[22m [31m[1m[vite][22m[39m [31m[2m(client)[22m[39m [2m[console.error] [22mTypeError: Failed to fetch dynamically imported module: http://localhost:5173/src/views/OnboardingView.vue?t=1784839488255
[2m17:47:41[22m [31m[1m[vite][22m[39m [31m[2m(client)[22m[39m [31m[Unhandled rejection] [1mTypeError[22m: Failed to fetch dynamically imported module: http://localhost:5173/src/views/OnboardingView.vue?t=1784839488255
[39m
[2m17:47:45[22m [33m[1m[vite][22m[39m [33m[2m(client)[22m[39m [2m[console.warn] [22m[VUE_ROUTER_R0010] Uncaught error during route navigation
╰▶ fix: Register an error handler with `router.onError()` to handle navigation errors.
[2m17:47:45[22m [31m[1m[vite][22m[39m [31m[2m(client)[22m[39m [2m[console.error] [22mTypeError: Failed to fetch dynamically imported module: http://localhost:5173/src/views/OnboardingView.vue?t=1784839488255
[2m17:47:45[22m [31m[1m[vite][22m[39m [31m[2m(client)[22m[39m [31m[Unhandled rejection] [1mTypeError[22m: Failed to fetch dynamically imported module: http://localhost:5173/src/views/OnboardingView.vue?t=1784839488255
[39m
[2m17:48:57[22m [36m[1m[vite][22m[39m [90m[2m(client)[22m[39m [32mhmr update [39m[2m/src/style.css[22m
[2m17:49:13[22m [36m[1m[vite][22m[39m [90m[2m(client)[22m[39m [32mpage reload [39m[2msrc/stores/auth.js[22m
[2m17:49:26[22m [36m[1m[vite][22m[39m [90m[2m(client)[22m[39m [32mpage reload [39m[2msrc/stores/auth.js[22m
[2m17:55:06[22m [36m[1m[vite][22m[39m [90m[2m(client)[22m[39m [32mhmr update [39m[2m/src/views/OnboardingView.vue, /src/style.css[22m
[2m17:55:12[22m [36m[1m[vite][22m[39m [90m[2m(client)[22m[39m [32mhmr update [39m[2m/src/views/OnboardingView.vue, /src/style.css[22m
[2m17:58:33[22m [36m[1m[vite][22m[39m [90m[2m(client)[22m[39m [32mhmr update [39m[2m/src/components/Icon.vue, /src/style.css[22m
[2m17:58:43[22m [36m[1m[vite][22m[39m [90m[2m(client)[22m[39m [32mhmr update [39m[2m/src/components/layout/AppHeader.vue, /src/style.css[22m
[2m17:58:57[22m [36m[1m[vite][22m[39m [90m[2m(client)[22m[39m [32mhmr update [39m[2m/src/components/layout/AppHeader.vue, /src/style.css[22m
[2m17:59:17[22m [36m[1m[vite][22m[39m [90m[2m(client)[22m[39m [32mhmr update [39m[2m/src/views/OnboardingView.vue?vue&type=style&index=0&scoped=2a9bae0d&lang.css, /src/style.css[22m
[2m17:59:31[22m [36m[1m[vite][22m[39m [90m[2m(client)[22m[39m [32mhmr update [39m[2m/src/views/OnboardingView.vue, /src/style.css[22m
[2m17:59:45[22m [36m[1m[vite][22m[39m [90m[2m(client)[22m[39m [32mhmr update [39m[2m/src/views/OnboardingView.vue, /src/style.css[22m
[2m18:03:49[22m [36m[1m[vite][22m[39m [90m[2m(client)[22m[39m [32mhmr update [39m[2m/src/components/layout/AppHeader.vue, /src/style.css[22m
[2m18:04:05[22m [36m[1m[vite][22m[39m [90m[2m(client)[22m[39m [32mhmr update [39m[2m/src/components/layout/AppSidebar.vue, /src/style.css[22m
[2m18:04:36[22m [36m[1m[vite][22m[39m [90m[2m(client)[22m[39m [32mhmr update [39m[2m/src/App.vue, /src/style.css[22m
[2m18:05:11[22m [36m[1m[vite][22m[39m [90m[2m(client)[22m[39m [32mhmr update [39m[2m/src/views/StravaCallbackView.vue, /src/style.css[22m
[2m18:07:47[22m [36m[1m[vite][22m[39m [90m[2m(client)[22m[39m [32mpage reload [39m[2msrc/stores/auth.js[22m
[2m18:10:45[22m [36m[1m[vite][22m[39m [90m[2m(client)[22m[39m [32mhmr update [39m[2m/src/views/OnboardingView.vue, /src/style.css[22m
[2m18:10:57[22m [36m[1m[vite][22m[39m [90m[2m(client)[22m[39m [32mhmr update [39m[2m/src/views/OnboardingView.vue, /src/style.css[22m
[2m18:11:07[22m [33m[1m[vite][22m[39m [33m[2m(client)[22m[39m [2m[console.warn] [22m[Vue warn]: Property "formatDateDisplay" was accessed during render but is not defined on instance. 
  at <OnboardingView onVnodeUnmounted=fn<onVnodeUnmounted> ref=Ref< {} > > 
  at <RouterView key=2 > 
  at <App>
[2m18:11:07[22m [33m[1m[vite][22m[39m [33m[2m(client)[22m[39m [2m[console.warn] [22m[Vue warn]: Unhandled error during execution of render function 
  at <OnboardingView onVnodeUnmounted=fn<onVnodeUnmounted> ref=Ref< {} > > 
  at <RouterView key=2 > 
  at <App>
[2m18:11:07[22m [33m[1m[vite][22m[39m [33m[2m(client)[22m[39m [2m[console.warn] [22m[Vue warn]: Unhandled error during execution of component update 
  at <OnboardingView onVnodeUnmounted=fn<onVnodeUnmounted> ref=Ref< {} > > 
  at <RouterView key=2 > 
  at <App>
[2m18:11:07[22m [31m[1m[vite][22m[39m [31m[2m(client)[22m[39m [31m[Unhandled rejection] [1mTypeError[22m: _ctx.formatDateDisplay is not a function
[39m > Proxy._sfc_render src/views/OnboardingView.vue:388:24
    386 |                <label class="block text-sm text-neutral-500 mb-1">Data de início</label>
    387 |                <input
    388 |                  :value="formatDateDisplay(form.startDate)"
        |                          ^
    389 |                  @input="e => form.startDate = parseDateInput(e.target.value)"
    390 |                  type="text"
 > renderComponentRoot node_modules/@vue/runtime-core/dist/runtime-core.esm-bundler.js:4621:15
 > ReactiveEffect.componentUpdateFn [as fn] node_modules/@vue/runtime-core/dist/runtime-core.esm-bundler.js:6269:25
 > ReactiveEffect.run node_modules/@vue/reactivity/dist/reactivity.esm-bundler.js:264:18
 > ReactiveEffect.runIfDirty node_modules/@vue/reactivity/dist/reactivity.esm-bundler.js:302:11
 > callWithErrorHandling node_modules/@vue/runtime-core/dist/runtime-core.esm-bundler.js:199:32
 > flushJobs node_modules/@vue/runtime-core/dist/runtime-core.esm-bundler.js:408:8

[2m18:11:07[22m [36m[1m[vite][22m[39m [90m[2m(client)[22m[39m [32mhmr update [39m[2m/src/views/OnboardingView.vue, /src/style.css[22m
[2m18:11:25[22m [36m[1m[vite][22m[39m [90m[2m(client)[22m[39m [32mhmr update [39m[2m/src/views/OnboardingView.vue, /src/style.css[22m
[2m18:11:31[22m [36m[1m[vite][22m[39m [90m[2m(client)[22m[39m [32mhmr update [39m[2m/src/views/OnboardingView.vue, /src/style.css[22m
[2m18:11:49[22m [36m[1m[vite][22m[39m [90m[2m(client)[22m[39m [32mhmr update [39m[2m/src/views/OnboardingView.vue, /src/style.css[22m
[2m18:16:56[22m [36m[1m[vite][22m[39m [90m[2m(client)[22m[39m [32mhmr update [39m[2m/src/views/OnboardingView.vue, /src/views/OnboardingView.vue?vue&type=style&index=0&scoped=2a9bae0d&lang.css, /src/style.css[22m
